Release 14.7 - xst P.20131013 (nt)
Copyright (c) 1995-2013 Xilinx, Inc.  All rights reserved.
--> Parameter TMPDIR set to xst/projnav.tmp


Total REAL time to Xst completion: 0.00 secs
Total CPU time to Xst completion: 0.08 secs
 
--> Parameter xsthdpdir set to xst


Total REAL time to Xst completion: 0.00 secs
Total CPU time to Xst completion: 0.09 secs
 
--> Reading design: Main.prj

TABLE OF CONTENTS
  1) Synthesis Options Summary
  2) HDL Compilation
  3) Design Hierarchy Analysis
  4) HDL Analysis
  5) HDL Synthesis
     5.1) HDL Synthesis Report
  6) Advanced HDL Synthesis
     6.1) Advanced HDL Synthesis Report
  7) Low Level Synthesis
  8) Partition Report
  9) Final Report
	9.1) Device utilization summary
	9.2) Partition Resource Summary
	9.3) TIMING REPORT


=========================================================================
*                      Synthesis Options Summary                        *
=========================================================================
---- Source Parameters
Input File Name                    : "Main.prj"
Input Format                       : mixed
Ignore Synthesis Constraint File   : NO

---- Target Parameters
Output File Name                   : "Main"
Output Format                      : NGC
Target Device                      : xc3s500e-5-ft256

---- Source Options
Top Module Name                    : Main
Automatic FSM Extraction           : YES
FSM Encoding Algorithm             : Auto
Safe Implementation                : No
FSM Style                          : LUT
RAM Extraction                     : Yes
RAM Style                          : Auto
ROM Extraction                     : Yes
Mux Style                          : Auto
Decoder Extraction                 : YES
Priority Encoder Extraction        : Yes
Shift Register Extraction          : YES
Logical Shifter Extraction         : YES
XOR Collapsing                     : YES
ROM Style                          : Auto
Mux Extraction                     : Yes
Resource Sharing                   : YES
Asynchronous To Synchronous        : NO
Multiplier Style                   : Auto
Automatic Register Balancing       : No

---- Target Options
Add IO Buffers                     : YES
Global Maximum Fanout              : 100000
Add Generic Clock Buffer(BUFG)     : 24
Register Duplication               : YES
Slice Packing                      : YES
Optimize Instantiated Primitives   : NO
Use Clock Enable                   : Yes
Use Synchronous Set                : Yes
Use Synchronous Reset              : Yes
Pack IO Registers into IOBs        : Auto
Equivalent register Removal        : YES

---- General Options
Optimization Goal                  : Speed
Optimization Effort                : 1
Keep Hierarchy                     : No
Netlist Hierarchy                  : As_Optimized
RTL Output                         : Yes
Global Optimization                : AllClockNets
Read Cores                         : YES
Write Timing Constraints           : NO
Cross Clock Analysis               : NO
Hierarchy Separator                : /
Bus Delimiter                      : <>
Case Specifier                     : Maintain
Slice Utilization Ratio            : 100
BRAM Utilization Ratio             : 100
Verilog 2001                       : YES
Auto BRAM Packing                  : NO
Slice Utilization Ratio Delta      : 5

=========================================================================


=========================================================================
*                          HDL Compilation                              *
=========================================================================
Compiling verilog file "Ducks_Rom.v" in library work
Compiling verilog file "VGA_LOGIC.v" in library work
Module <Ducks_Rom> compiled
Compiling verilog file "Shot_Builder.v" in library work
Module <VGA_LOGIC> compiled
Compiling verilog file "Gun.v" in library work
Module <Shot_Builder> compiled
Compiling verilog file "Ducks_Drawer.v" in library work
Module <Gun> compiled
Compiling verilog file "Control_Drawer.v" in library work
Module <Ducks_Drawer> compiled
Compiling verilog file "Bullet_Drawer.v" in library work
Module <Control_Drawer> compiled
Compiling verilog file "Main.v" in library work
Module <Bullet_Drawer> compiled
Module <Main> compiled
No errors in compilation
Analysis of file <"Main.prj"> succeeded.
 

=========================================================================
*                     Design Hierarchy Analysis                         *
=========================================================================
Analyzing hierarchy for module <Main> in library <work>.

Analyzing hierarchy for module <Ducks_Drawer> in library <work>.

Analyzing hierarchy for module <Gun> in library <work>.

Analyzing hierarchy for module <Shot_Builder> in library <work>.

Analyzing hierarchy for module <Bullet_Drawer> in library <work>.

Analyzing hierarchy for module <Control_Drawer> in library <work>.

Analyzing hierarchy for module <VGA_LOGIC> in library <work>.

Analyzing hierarchy for module <Ducks_Rom> in library <work>.

WARNING:Xst:2591 - "Main.v" line 24: attribute on instance <CLKFX_DIVIDE> overrides generic/parameter on entity. It is possible that simulator will not take this attribute into account.
WARNING:Xst:2591 - "Main.v" line 24: attribute on instance <CLKFX_MULTIPLY> overrides generic/parameter on entity. It is possible that simulator will not take this attribute into account.

=========================================================================
*                            HDL Analysis                               *
=========================================================================
Analyzing top module <Main>.
Module <Main> is correct for synthesis.
 
    Set user-defined property "CLKDV_DIVIDE =  2.000000" for instance <vga_clock_dcm> in unit <Main>.
    Set user-defined property "CLKFX_DIVIDE =  4" for instance <vga_clock_dcm> in unit <Main>.
    Set user-defined property "CLKFX_MULTIPLY =  2" for instance <vga_clock_dcm> in unit <Main>.
    Set user-defined property "CLKIN_DIVIDE_BY_2 =  FALSE" for instance <vga_clock_dcm> in unit <Main>.
    Set user-defined property "CLKIN_PERIOD =  10.000000" for instance <vga_clock_dcm> in unit <Main>.
    Set user-defined property "CLKOUT_PHASE_SHIFT =  NONE" for instance <vga_clock_dcm> in unit <Main>.
    Set user-defined property "CLK_FEEDBACK =  1X" for instance <vga_clock_dcm> in unit <Main>.
    Set user-defined property "DESKEW_ADJUST =  SYSTEM_SYNCHRONOUS" for instance <vga_clock_dcm> in unit <Main>.
    Set user-defined property "DFS_FREQUENCY_MODE =  LOW" for instance <vga_clock_dcm> in unit <Main>.
    Set user-defined property "DLL_FREQUENCY_MODE =  LOW" for instance <vga_clock_dcm> in unit <Main>.
    Set user-defined property "DSS_MODE =  NONE" for instance <vga_clock_dcm> in unit <Main>.
    Set user-defined property "DUTY_CYCLE_CORRECTION =  TRUE" for instance <vga_clock_dcm> in unit <Main>.
    Set user-defined property "FACTORY_JF =  C080" for instance <vga_clock_dcm> in unit <Main>.
    Set user-defined property "PHASE_SHIFT =  0" for instance <vga_clock_dcm> in unit <Main>.
    Set user-defined property "SIM_MODE =  SAFE" for instance <vga_clock_dcm> in unit <Main>.
    Set user-defined property "STARTUP_WAIT =  FALSE" for instance <vga_clock_dcm> in unit <Main>.
Analyzing module <Ducks_Drawer> in library <work>.
Module <Ducks_Drawer> is correct for synthesis.
 
Analyzing module <Ducks_Rom> in library <work>.
INFO:Xst:2546 - "Ducks_Rom.v" line 13: reading initialization file "shootDuck_l.mif".
WARNING:Xst:905 - "Ducks_Rom.v" line 10: One or more signals are missing in the sensitivity list of always block. To enable synthesis of FPGA/CPLD hardware, XST will assume that all necessary signals are present in the sensitivity list. Please note that the result of the synthesis may differ from the initial design specification. The missing signals are:
   <rom_content>
Module <Ducks_Rom> is correct for synthesis.
 
Analyzing module <Gun> in library <work>.
Module <Gun> is correct for synthesis.
 
Analyzing module <Shot_Builder> in library <work>.
Module <Shot_Builder> is correct for synthesis.
 
Analyzing module <Bullet_Drawer> in library <work>.
Module <Bullet_Drawer> is correct for synthesis.
 
Analyzing module <Control_Drawer> in library <work>.
Module <Control_Drawer> is correct for synthesis.
 
Analyzing module <VGA_LOGIC> in library <work>.
Module <VGA_LOGIC> is correct for synthesis.
 

=========================================================================
*                           HDL Synthesis                               *
=========================================================================

Performing bidirectional port resolution...
INFO:Xst:2679 - Register <data> in unit <Gun> has a constant value of 000000 during circuit operation. The register is replaced by logic.
INFO:Xst:2679 - Register <i> in unit <Shot_Builder> has a constant value of 1000 during circuit operation. The register is replaced by logic.
INFO:Xst:2679 - Register <decrementar> in unit <Shot_Builder> has a constant value of 0 during circuit operation. The register is replaced by logic.

Synthesizing Unit <Gun>.
    Related source file is "Gun.v".
WARNING:Xst:647 - Input <fire> is never used. This port will be preserved and left unconnected if it belongs to a top-level block or it belongs to a sub-block and the hierarchy of this sub-block is preserved.
    Found 1-bit register for signal <draw>.
    Found 10-bit register for signal <pos_x>.
    Found 10-bit adder carry out for signal <add0000$addsub0000> created at line 29.
    Found 10-bit adder carry out for signal <add0001$addsub0000> created at line 20.
    Found 10-bit adder carry out for signal <add0002$addsub0000> created at line 20.
    Found 16-bit up counter for signal <contador>.
    Found 16-bit comparator greatequal for signal <contador$cmp_ge0000> created at line 36.
    Found 10-bit comparator greatequal for signal <draw$cmp_ge0000> created at line 29.
    Found 11-bit comparator greatequal for signal <draw$cmp_ge0001> created at line 20.
    Found 10-bit comparator greater for signal <draw$cmp_gt0000> created at line 27.
    Found 10-bit comparator greater for signal <draw$cmp_gt0001> created at line 19.
    Found 11-bit comparator lessequal for signal <draw$cmp_le0000> created at line 29.
    Found 10-bit comparator lessequal for signal <draw$cmp_le0001> created at line 19.
    Found 11-bit comparator lessequal for signal <draw$cmp_le0002> created at line 20.
    Found 10-bit comparator less for signal <draw$cmp_lt0000> created at line 27.
    Found 10-bit updown counter for signal <offset>.
    Found 10-bit comparator greatequal for signal <offset$cmp_ge0000> created at line 43.
    Found 10-bit comparator lessequal for signal <offset$cmp_le0000> created at line 39.
    Found 16-bit comparator less for signal <offset$cmp_lt0000> created at line 36.
    Found 16-bit adder for signal <old_contador_1$add0000> created at line 35.
    Found 10-bit adder for signal <pos_x$add0000> created at line 23.
    Found 11-bit comparator greater for signal <pos_x$cmp_gt0000> created at line 20.
    Found 10-bit comparator lessequal for signal <pos_x$cmp_le0000> created at line 19.
    Found 11-bit comparator less for signal <pos_x$cmp_lt0000> created at line 20.
    Summary:
	inferred   2 Counter(s).
	inferred  11 D-type flip-flop(s).
	inferred   5 Adder/Subtractor(s).
	inferred  15 Comparator(s).
Unit <Gun> synthesized.


Synthesizing Unit <Shot_Builder>.
    Related source file is "Shot_Builder.v".
WARNING:Xst:646 - Signal <validBit2> is assigned but never used. This unconnected signal will be trimmed during the optimization process.
WARNING:Xst:646 - Signal <position_y> is assigned but never used. This unconnected signal will be trimmed during the optimization process.
    Found 3-bit up counter for signal <contador_balas>.
    Found 3-bit up counter for signal <address>.
    Found 1-bit 8-to-1 multiplexer for signal <bitDebuggin>.
    Found 17-bit up counter for signal <contador>.
    Found 17-bit comparator greatequal for signal <contador$cmp_ge0000> created at line 94.
    Found 3-bit up counter for signal <debug_address>.
    Found 1-bit register for signal <fin>.
    Found 1-bit register for signal <instantiate>.
    Found 3-bit register for signal <new_address>.
    Found 17-bit adder for signal <old_contador_2$add0000> created at line 93.
    Found 17-bit comparator greatequal for signal <old_decrementar_5$cmp_ge0000> created at line 94.
    Found 3-bit adder for signal <old_new_address_4$addsub0000> created at line 84.
    Found 1-bit register for signal <shouldInstantiate>.
    Found 8-bit register for signal <valid>.
    Found 32-bit comparator greatequal for signal <valid_0$cmp_ge0000> created at line 119.
    Found 32-bit comparator greatequal for signal <valid_1$cmp_ge0000> created at line 124.
    Found 32-bit comparator greatequal for signal <valid_2$cmp_ge0000> created at line 129.
    Found 32-bit comparator greatequal for signal <valid_3$cmp_ge0000> created at line 134.
    Found 32-bit comparator greatequal for signal <valid_4$cmp_ge0000> created at line 139.
    Found 32-bit comparator greatequal for signal <valid_5$cmp_ge0000> created at line 144.
    Found 32-bit comparator greatequal for signal <valid_6$cmp_ge0000> created at line 149.
    Found 32-bit comparator greatequal for signal <valid_7$cmp_ge0000> created at line 154.
    Found 1-bit 8-to-1 multiplexer for signal <valid_Bit>.
    Found 80-bit register for signal <X_Positions>.
    Found 80-bit register for signal <Y_Positions>.
    Found 10-bit subtractor for signal <Y_Positions_0$addsub0000> created at line 120.
    Found 32-bit comparator less for signal <Y_Positions_0$cmp_lt0000> created at line 119.
    Found 10-bit subtractor for signal <Y_Positions_1$addsub0000> created at line 125.
    Found 32-bit comparator less for signal <Y_Positions_1$cmp_lt0000> created at line 124.
    Found 10-bit subtractor for signal <Y_Positions_2$addsub0000> created at line 130.
    Found 32-bit comparator less for signal <Y_Positions_2$cmp_lt0000> created at line 129.
    Found 10-bit subtractor for signal <Y_Positions_3$addsub0000> created at line 135.
    Found 32-bit comparator less for signal <Y_Positions_3$cmp_lt0000> created at line 134.
    Found 10-bit subtractor for signal <Y_Positions_4$addsub0000> created at line 140.
    Found 32-bit comparator less for signal <Y_Positions_4$cmp_lt0000> created at line 139.
    Found 10-bit subtractor for signal <Y_Positions_5$addsub0000> created at line 145.
    Found 32-bit comparator less for signal <Y_Positions_5$cmp_lt0000> created at line 144.
    Found 10-bit subtractor for signal <Y_Positions_6$addsub0000> created at line 150.
    Found 32-bit comparator less for signal <Y_Positions_6$cmp_lt0000> created at line 149.
    Found 10-bit subtractor for signal <Y_Positions_7$addsub0000> created at line 155.
    Found 32-bit comparator less for signal <Y_Positions_7$cmp_lt0000> created at line 154.
    Summary:
	inferred   4 Counter(s).
	inferred 174 D-type flip-flop(s).
	inferred  10 Adder/Subtractor(s).
	inferred  18 Comparator(s).
	inferred   2 Multiplexer(s).
Unit <Shot_Builder> synthesized.


Synthesizing Unit <Bullet_Drawer>.
    Related source file is "Bullet_Drawer.v".
    Found 1-bit register for signal <draw>.
    Found 11-bit adder for signal <add0000$add0000> created at line 16.
    Found 10-bit adder carry out for signal <add0001$addsub0000> created at line 17.
    Found 11-bit comparator greatequal for signal <draw$cmp_ge0000> created at line 17.
    Found 11-bit comparator greater for signal <draw$cmp_gt0000> created at line 16.
    Found 10-bit comparator less for signal <draw$cmp_lt0000> created at line 16.
    Found 10-bit comparator less for signal <draw$cmp_lt0001> created at line 17.
    Summary:
	inferred   1 D-type flip-flop(s).
	inferred   2 Adder/Subtractor(s).
	inferred   4 Comparator(s).
Unit <Bullet_Drawer> synthesized.


Synthesizing Unit <Control_Drawer>.
    Related source file is "Control_Drawer.v".
    Found 1-bit register for signal <draw>.
    Found 6-bit register for signal <data>.
    Summary:
	inferred   7 D-type flip-flop(s).
Unit <Control_Drawer> synthesized.


Synthesizing Unit <VGA_LOGIC>.
    Related source file is "VGA_LOGIC.v".
WARNING:Xst:1780 - Signal <contColumn> is never used or assigned. This unconnected signal will be trimmed during the optimization process.
    Found 1-bit register for signal <vsync>.
    Found 2-bit register for signal <blue_out>.
    Found 2-bit register for signal <red_out>.
    Found 2-bit register for signal <green_out>.
    Found 1-bit register for signal <hsync>.
    Found 6-bit register for signal <color>.
    Found 10-bit comparator less for signal <color$cmp_lt0000> created at line 60.
    Found 10-bit comparator less for signal <color$cmp_lt0001> created at line 63.
    Found 10-bit register for signal <hcount>.
    Found 10-bit comparator greatequal for signal <hsync$cmp_ge0000> created at line 42.
    Found 10-bit comparator less for signal <hsync$cmp_lt0000> created at line 42.
    Found 10-bit adder for signal <old_hcount_8$addsub0000> created at line 33.
    Found 10-bit adder for signal <old_vcount_7$addsub0000> created at line 30.
    Found 10-bit comparator less for signal <red_out$cmp_lt0000> created at line 48.
    Found 10-bit comparator less for signal <red_out$cmp_lt0001> created at line 48.
    Found 10-bit register for signal <vcount>.
    Found 10-bit comparator greatequal for signal <vsync$cmp_ge0000> created at line 36.
    Found 10-bit comparator less for signal <vsync$cmp_lt0000> created at line 36.
    Summary:
	inferred  34 D-type flip-flop(s).
	inferred   2 Adder/Subtractor(s).
	inferred   8 Comparator(s).
Unit <VGA_LOGIC> synthesized.


Synthesizing Unit <Ducks_Rom>.
    Related source file is "Ducks_Rom.v".
WARNING:Xst:1781 - Signal <rom_content> is used but never assigned. Tied to default value.
    Found 2048x6-bit ROM for signal <data>.
    Summary:
	inferred   1 ROM(s).
Unit <Ducks_Rom> synthesized.


Synthesizing Unit <Ducks_Drawer>.
    Related source file is "Ducks_Drawer.v".
    Found 1-bit register for signal <draw>.
    Found 11-bit up counter for signal <address>.
    Found 10-bit comparator less for signal <address$cmp_lt0000> created at line 19.
    Found 10-bit comparator greatequal for signal <draw$cmp_ge0000> created at line 17.
    Found 10-bit comparator greatequal for signal <draw$cmp_ge0001> created at line 19.
    Summary:
	inferred   1 Counter(s).
	inferred   1 D-type flip-flop(s).
	inferred   3 Comparator(s).
Unit <Ducks_Drawer> synthesized.


Synthesizing Unit <Main>.
    Related source file is "Main.v".
WARNING:Xst:1780 - Signal <shot_data> is never used or assigned. This unconnected signal will be trimmed during the optimization process.
WARNING:Xst:646 - Signal <gun_data> is assigned but never used. This unconnected signal will be trimmed during the optimization process.
Unit <Main> synthesized.


=========================================================================
HDL Synthesis Report

Macro Statistics
# ROMs                                                 : 1
 2048x6-bit ROM                                        : 1
# Adders/Subtractors                                   : 33
 10-bit adder                                          : 3
 10-bit adder carry out                                : 11
 10-bit subtractor                                     : 8
 11-bit adder                                          : 8
 16-bit adder                                          : 1
 17-bit adder                                          : 1
 3-bit adder                                           : 1
# Counters                                             : 6
 10-bit updown counter                                 : 1
 11-bit up counter                                     : 1
 16-bit up counter                                     : 1
 17-bit up counter                                     : 1
 3-bit up counter                                      : 2
# Registers                                            : 49
 1-bit register                                        : 24
 10-bit register                                       : 19
 2-bit register                                        : 3
 3-bit register                                        : 1
 6-bit register                                        : 2
# Comparators                                          : 76
 10-bit comparator greatequal                          : 6
 10-bit comparator greater                             : 2
 10-bit comparator less                                : 24
 10-bit comparator lessequal                           : 3
 11-bit comparator greatequal                          : 9
 11-bit comparator greater                             : 9
 11-bit comparator less                                : 1
 11-bit comparator lessequal                           : 2
 16-bit comparator greatequal                          : 1
 16-bit comparator less                                : 1
 17-bit comparator greatequal                          : 2
 32-bit comparator greatequal                          : 8
 32-bit comparator less                                : 8
# Multiplexers                                         : 2
 1-bit 8-to-1 multiplexer                              : 2

=========================================================================

=========================================================================
*                       Advanced HDL Synthesis                          *
=========================================================================


=========================================================================
Advanced HDL Synthesis Report

Macro Statistics
# ROMs                                                 : 1
 2048x6-bit ROM                                        : 1
# Adders/Subtractors                                   : 33
 10-bit adder                                          : 3
 10-bit adder carry out                                : 11
 10-bit subtractor                                     : 8
 11-bit adder                                          : 8
 16-bit adder                                          : 1
 17-bit adder                                          : 1
 3-bit adder                                           : 1
# Counters                                             : 6
 10-bit updown counter                                 : 1
 11-bit up counter                                     : 1
 16-bit up counter                                     : 1
 17-bit up counter                                     : 1
 3-bit up counter                                      : 2
# Registers                                            : 235
 Flip-Flops                                            : 235
# Comparators                                          : 76
 10-bit comparator greatequal                          : 6
 10-bit comparator greater                             : 2
 10-bit comparator less                                : 24
 10-bit comparator lessequal                           : 3
 11-bit comparator greatequal                          : 9
 11-bit comparator greater                             : 9
 11-bit comparator less                                : 1
 11-bit comparator lessequal                           : 2
 16-bit comparator greatequal                          : 1
 16-bit comparator less                                : 1
 17-bit comparator greatequal                          : 2
 32-bit comparator greatequal                          : 8
 32-bit comparator less                                : 8
# Multiplexers                                         : 2
 1-bit 8-to-1 multiplexer                              : 2

=========================================================================

=========================================================================
*                         Low Level Synthesis                           *
=========================================================================
INFO:Xst:1901 - Instance vga_clock_dcm in unit Main of type DCM has been replaced by DCM_SP

Optimizing unit <Main> ...

Optimizing unit <Gun> ...

Optimizing unit <Shot_Builder> ...

Optimizing unit <Bullet_Drawer> ...

Optimizing unit <Control_Drawer> ...

Optimizing unit <VGA_LOGIC> ...

Mapping all equations...
Building and optimizing final netlist ...
Found area constraint ratio of 100 (+ 5) on block Main, actual ratio is 16.
FlipFlop DD/address_0 has been replicated 1 time(s)
FlipFlop DD/address_2 has been replicated 1 time(s)
FlipFlop DD/address_3 has been replicated 1 time(s)

Final Macro Processing ...

=========================================================================
Final Register Report

Macro Statistics
# Registers                                            : 298
 Flip-Flops                                            : 298

=========================================================================

=========================================================================
*                           Partition Report                            *
=========================================================================

Partition Implementation Status
-------------------------------

  No Partitions were found in this design.

-------------------------------

=========================================================================
*                            Final Report                               *
=========================================================================
Final Results
RTL Top Level Output File Name     : Main.ngr
Top Level Output File Name         : Main
Output Format                      : NGC
Optimization Goal                  : Speed
Keep Hierarchy                     : No

Design Statistics
# IOs                              : 21

Cell Usage :
# BELS                             : 2402
#      GND                         : 1
#      INV                         : 116
#      LUT1                        : 182
#      LUT2                        : 374
#      LUT2_D                      : 6
#      LUT2_L                      : 2
#      LUT3                        : 290
#      LUT3_D                      : 1
#      LUT3_L                      : 5
#      LUT4                        : 308
#      LUT4_D                      : 8
#      LUT4_L                      : 5
#      MUXCY                       : 663
#      MUXF5                       : 126
#      MUXF6                       : 28
#      MUXF7                       : 1
#      VCC                         : 1
#      XORCY                       : 285
# FlipFlops/Latches                : 298
#      FD                          : 11
#      FDE                         : 182
#      FDR                         : 64
#      FDRE                        : 38
#      FDRS                        : 1
#      FDRSE                       : 1
#      FDS                         : 1
# Clock Buffers                    : 1
#      BUFG                        : 1
# IO Buffers                       : 21
#      IBUF                        : 4
#      IBUFG                       : 1
#      OBUF                        : 16
# DCMs                             : 1
#      DCM_SP                      : 1
=========================================================================

Device utilization summary:
---------------------------

Selected Device : 3s500eft256-5 

 Number of Slices:                      695  out of   4656    14%  
 Number of Slice Flip Flops:            298  out of   9312     3%  
 Number of 4 input LUTs:               1297  out of   9312    13%  
 Number of IOs:                          21
 Number of bonded IOBs:                  21  out of    190    11%  
 Number of GCLKs:                         1  out of     24     4%  
 Number of DCMs:                          1  out of      4    25%  

---------------------------
Partition Resource Summary:
---------------------------

  No Partitions were found in this design.

---------------------------


=========================================================================
TIMING REPORT

NOTE: THESE TIMING NUMBERS ARE ONLY A SYNTHESIS ESTIMATE.
      FOR ACCURATE TIMING INFORMATION PLEASE REFER TO THE TRACE REPORT
      GENERATED AFTER PLACE-and-ROUTE.

Clock Information:
------------------
-----------------------------------+------------------------+-------+
Clock Signal                       | Clock buffer(FF name)  | Load  |
-----------------------------------+------------------------+-------+
clk50mhz                           | vga_clock_dcm:CLKFX    | 291   |
clk50mhz                           | IBUFG                  | 7     |
-----------------------------------+------------------------+-------+

Asynchronous Control Signals Information:
----------------------------------------
No asynchronous control signals found in this design

Timing Summary:
---------------
Speed Grade: -5

   Minimum period: 8.405ns (Maximum Frequency: 118.973MHz)
   Minimum input arrival time before clock: 6.697ns
   Maximum output required time after clock: 4.380ns
   Maximum combinational path delay: No path found

Timing Detail:
--------------
All values displayed in nanoseconds (ns)

=========================================================================
Timing constraint: Default period analysis for Clock 'clk50mhz'
  Clock period: 8.405ns (frequency: 118.973MHz)
  Total number of paths / destination ports: 47467 / 586
-------------------------------------------------------------------------
Delay:               8.405ns (Levels of Logic = 9)
  Source:            DD/address_1 (FF)
  Destination:       CD/data_5 (FF)
  Source Clock:      clk50mhz rising 0.5X
  Destination Clock: clk50mhz rising

  Data Path: DD/address_1 to CD/data_5
                                Gate     Net
    Cell:in->out      fanout   Delay   Delay  Logical Name (Net Name)
    ----------------------------------------  ------------
     FDRE:C->Q           112   0.514   1.163  DD/address_1 (DD/address_1)
     LUT4:I1->O            2   0.612   0.410  DD/rom/Mrom_data1721 (DD/rom/Mrom_data172)
     LUT3:I2->O            2   0.612   0.000  DD/rom/Mrom_data2131_153 (DD/rom/Mrom_data2131_153)
     MUXF5:I1->O           1   0.278   0.387  DD/rom/Mrom_data2631_14_f5_0 (DD/rom/Mrom_data2631_14_f51)
     LUT3:I2->O            1   0.612   0.387  DD/address<6>121 (DD/address<6>21)
     LUT3:I2->O            1   0.612   0.000  DD/rom/Mrom_data2631_81 (DD/rom/Mrom_data2631_81)
     MUXF5:I1->O           1   0.278   0.360  DD/rom/Mrom_data2631_7_f5 (DD/rom/Mrom_data2631_7_f5)
     LUT4:I3->O            2   0.612   0.410  DD/rom/Mrom_data2631_4 (DD/rom/Mrom_data2631_4)
     LUT4:I2->O            1   0.612   0.000  CD/data_mux0000<5>11 (CD/data_mux0000<5>1)
     MUXF5:I1->O           1   0.278   0.000  CD/data_mux0000<5>1_f5 (CD/data_mux0000<5>)
     FDE:D                     0.268          CD/data_5
    ----------------------------------------
    Total                      8.405ns (5.288ns logic, 3.117ns route)
                                       (62.9% logic, 37.1% route)

=========================================================================
Timing constraint: Default OFFSET IN BEFORE for Clock 'clk50mhz'
  Total number of paths / destination ports: 326 / 260
-------------------------------------------------------------------------
Offset:              6.697ns (Levels of Logic = 4)
  Source:            reset (PAD)
  Destination:       DD/draw (FF)
  Destination Clock: clk50mhz rising 0.5X

  Data Path: reset to DD/draw
                                Gate     Net
    Cell:in->out      fanout   Delay   Delay  Logical Name (Net Name)
    ----------------------------------------  ------------
     IBUF:I->O            38   1.106   1.077  reset_IBUF (reset_IBUF)
     LUT4:I3->O            1   0.612   0.509  DD/address_or00005 (DD/address_or00005)
     LUT2:I0->O           15   0.612   1.016  DD/address_or000011 (DD/address_or0000)
     LUT4:I0->O            1   0.612   0.357  DD/draw_or000025 (DD/draw_or0000)
     FDR:R                     0.795          DD/draw
    ----------------------------------------
    Total                      6.697ns (3.737ns logic, 2.960ns route)
                                       (55.8% logic, 44.2% route)

=========================================================================
Timing constraint: Default OFFSET OUT AFTER for Clock 'clk50mhz'
  Total number of paths / destination ports: 16 / 16
-------------------------------------------------------------------------
Offset:              4.380ns (Levels of Logic = 1)
  Source:            g/pos_x_7 (FF)
  Destination:       led<7> (PAD)
  Source Clock:      clk50mhz rising 0.5X

  Data Path: g/pos_x_7 to led<7>
                                Gate     Net
    Cell:in->out      fanout   Delay   Delay  Logical Name (Net Name)
    ----------------------------------------  ------------
     FDE:C->Q              9   0.514   0.697  g/pos_x_7 (g/pos_x_7)
     OBUF:I->O                 3.169          led_7_OBUF (led<7>)
    ----------------------------------------
    Total                      4.380ns (3.683ns logic, 0.697ns route)
                                       (84.1% logic, 15.9% route)

=========================================================================


Total REAL time to Xst completion: 9.00 secs
Total CPU time to Xst completion: 8.45 secs
 
--> 

Total memory usage is 218368 kilobytes

Number of errors   :    0 (   0 filtered)
Number of warnings :   10 (   0 filtered)
Number of infos    :    5 (   0 filtered)

