Release 14.7 - xst P.20131013 (nt)
Copyright (c) 1995-2013 Xilinx, Inc.  All rights reserved.
--> Parameter TMPDIR set to xst/projnav.tmp


Total REAL time to Xst completion: 0.00 secs
Total CPU time to Xst completion: 0.09 secs
 
--> Parameter xsthdpdir set to xst


Total REAL time to Xst completion: 0.00 secs
Total CPU time to Xst completion: 0.09 secs
 
--> Reading design: Main.prj

TABLE OF CONTENTS
  1) Synthesis Options Summary
  2) HDL Compilation
  3) Design Hierarchy Analysis
  4) HDL Analysis
  5) HDL Synthesis
     5.1) HDL Synthesis Report
  6) Advanced HDL Synthesis
     6.1) Advanced HDL Synthesis Report
  7) Low Level Synthesis
  8) Partition Report
  9) Final Report
	9.1) Device utilization summary
	9.2) Partition Resource Summary
	9.3) TIMING REPORT


=========================================================================
*                      Synthesis Options Summary                        *
=========================================================================
---- Source Parameters
Input File Name                    : "Main.prj"
Input Format                       : mixed
Ignore Synthesis Constraint File   : NO

---- Target Parameters
Output File Name                   : "Main"
Output Format                      : NGC
Target Device                      : xc3s500e-5-ft256

---- Source Options
Top Module Name                    : Main
Automatic FSM Extraction           : YES
FSM Encoding Algorithm             : Auto
Safe Implementation                : No
FSM Style                          : LUT
RAM Extraction                     : Yes
RAM Style                          : Auto
ROM Extraction                     : Yes
Mux Style                          : Auto
Decoder Extraction                 : YES
Priority Encoder Extraction        : Yes
Shift Register Extraction          : YES
Logical Shifter Extraction         : YES
XOR Collapsing                     : YES
ROM Style                          : Auto
Mux Extraction                     : Yes
Resource Sharing                   : YES
Asynchronous To Synchronous        : NO
Multiplier Style                   : Auto
Automatic Register Balancing       : No

---- Target Options
Add IO Buffers                     : YES
Global Maximum Fanout              : 100000
Add Generic Clock Buffer(BUFG)     : 24
Register Duplication               : YES
Slice Packing                      : YES
Optimize Instantiated Primitives   : NO
Use Clock Enable                   : Yes
Use Synchronous Set                : Yes
Use Synchronous Reset              : Yes
Pack IO Registers into IOBs        : Auto
Equivalent register Removal        : YES

---- General Options
Optimization Goal                  : Speed
Optimization Effort                : 1
Keep Hierarchy                     : No
Netlist Hierarchy                  : As_Optimized
RTL Output                         : Yes
Global Optimization                : AllClockNets
Read Cores                         : YES
Write Timing Constraints           : NO
Cross Clock Analysis               : NO
Hierarchy Separator                : /
Bus Delimiter                      : <>
Case Specifier                     : Maintain
Slice Utilization Ratio            : 100
BRAM Utilization Ratio             : 100
Verilog 2001                       : YES
Auto BRAM Packing                  : NO
Slice Utilization Ratio Delta      : 5

=========================================================================


=========================================================================
*                          HDL Compilation                              *
=========================================================================
Compiling verilog file "Ducks_Rom.v" in library work
Compiling verilog file "VGA_LOGIC.v" in library work
Module <Ducks_Rom> compiled
Compiling verilog file "Shot_Builder.v" in library work
Module <VGA_LOGIC> compiled
Compiling verilog file "Gun.v" in library work
Module <Shot_Builder> compiled
Compiling verilog file "Ducks_Drawer.v" in library work
Module <Gun> compiled
Compiling verilog file "Control_Drawer.v" in library work
Module <Ducks_Drawer> compiled
Compiling verilog file "Comparator.v" in library work
Module <Control_Drawer> compiled
Compiling verilog file "Collision_Control.v" in library work
Module <Comparator> compiled
Compiling verilog file "Bullet_Drawer.v" in library work
Module <Collision_Control> compiled
Compiling verilog file "Main.v" in library work
Module <Bullet_Drawer> compiled
Module <Main> compiled
No errors in compilation
Analysis of file <"Main.prj"> succeeded.
 

=========================================================================
*                     Design Hierarchy Analysis                         *
=========================================================================
Analyzing hierarchy for module <Main> in library <work>.

Analyzing hierarchy for module <Ducks_Drawer> in library <work> with parameters.
	counterX_limit = "00000000000000001110101001100000"
	counterY_limit = "00000000000000111111011110100000"
	initial_posX = "11110011100"
	initial_posY = "0000000000"
	shouldIntercalate = "00000000000000000000000000000000"
	uPOrDown = "00000000000000000000000000000001"

Analyzing hierarchy for module <Ducks_Drawer> in library <work> with parameters.
	counterX_limit = "00000000000000001110101001100000"
	counterY_limit = "00000000000000111111011110100000"
	initial_posX = "11100111000"
	initial_posY = "0010110100"
	shouldIntercalate = "00000000000000000000000000000000"
	uPOrDown = "1"

Analyzing hierarchy for module <Ducks_Drawer> in library <work> with parameters.
	counterX_limit = "00000000000000010001000101110000"
	counterY_limit = "00000000000000111111011110100000"
	initial_posX = "11111001110"
	initial_posY = "0001101110"
	shouldIntercalate = "00000000000000000000000000000001"
	uPOrDown = "1"

Analyzing hierarchy for module <Ducks_Drawer> in library <work> with parameters.
	counterX_limit = "00000000000000010011100010000000"
	counterY_limit = "00000000000000111111011110100000"
	initial_posX = "11001110000"
	initial_posY = "0001000110"
	shouldIntercalate = "00000000000000000000000000000001"
	uPOrDown = "1"

Analyzing hierarchy for module <Gun> in library <work>.

Analyzing hierarchy for module <Shot_Builder> in library <work>.

Analyzing hierarchy for module <Bullet_Drawer> in library <work>.

Analyzing hierarchy for module <Collision_Control> in library <work>.

Analyzing hierarchy for module <Comparator> in library <work>.

Analyzing hierarchy for module <Control_Drawer> in library <work>.

Analyzing hierarchy for module <VGA_LOGIC> in library <work>.

Analyzing hierarchy for module <Ducks_Rom> in library <work>.

WARNING:Xst:2591 - "Main.v" line 27: attribute on instance <CLKFX_DIVIDE> overrides generic/parameter on entity. It is possible that simulator will not take this attribute into account.
WARNING:Xst:2591 - "Main.v" line 27: attribute on instance <CLKFX_MULTIPLY> overrides generic/parameter on entity. It is possible that simulator will not take this attribute into account.

=========================================================================
*                            HDL Analysis                               *
=========================================================================
Analyzing top module <Main>.
Module <Main> is correct for synthesis.
 
    Set user-defined property "CLKDV_DIVIDE =  2.000000" for instance <vga_clock_dcm> in unit <Main>.
    Set user-defined property "CLKFX_DIVIDE =  4" for instance <vga_clock_dcm> in unit <Main>.
    Set user-defined property "CLKFX_MULTIPLY =  2" for instance <vga_clock_dcm> in unit <Main>.
    Set user-defined property "CLKIN_DIVIDE_BY_2 =  FALSE" for instance <vga_clock_dcm> in unit <Main>.
    Set user-defined property "CLKIN_PERIOD =  10.000000" for instance <vga_clock_dcm> in unit <Main>.
    Set user-defined property "CLKOUT_PHASE_SHIFT =  NONE" for instance <vga_clock_dcm> in unit <Main>.
    Set user-defined property "CLK_FEEDBACK =  1X" for instance <vga_clock_dcm> in unit <Main>.
    Set user-defined property "DESKEW_ADJUST =  SYSTEM_SYNCHRONOUS" for instance <vga_clock_dcm> in unit <Main>.
    Set user-defined property "DFS_FREQUENCY_MODE =  LOW" for instance <vga_clock_dcm> in unit <Main>.
    Set user-defined property "DLL_FREQUENCY_MODE =  LOW" for instance <vga_clock_dcm> in unit <Main>.
    Set user-defined property "DSS_MODE =  NONE" for instance <vga_clock_dcm> in unit <Main>.
    Set user-defined property "DUTY_CYCLE_CORRECTION =  TRUE" for instance <vga_clock_dcm> in unit <Main>.
    Set user-defined property "FACTORY_JF =  C080" for instance <vga_clock_dcm> in unit <Main>.
    Set user-defined property "PHASE_SHIFT =  0" for instance <vga_clock_dcm> in unit <Main>.
    Set user-defined property "SIM_MODE =  SAFE" for instance <vga_clock_dcm> in unit <Main>.
    Set user-defined property "STARTUP_WAIT =  FALSE" for instance <vga_clock_dcm> in unit <Main>.
Analyzing module <Ducks_Drawer.1> in library <work>.
	counterX_limit = 32'sb00000000000000001110101001100000
	counterY_limit = 32'sb00000000000000111111011110100000
	initial_posX = 11'sb11110011100
	initial_posY = 10'sb0000000000
	shouldIntercalate = 32'sb00000000000000000000000000000000
	uPOrDown = 32'sb00000000000000000000000000000001
Module <Ducks_Drawer.1> is correct for synthesis.
 
Analyzing module <Ducks_Rom> in library <work>.
INFO:Xst:2546 - "Ducks_Rom.v" line 13: reading initialization file "shootDuck_l.mif".
WARNING:Xst:905 - "Ducks_Rom.v" line 10: One or more signals are missing in the sensitivity list of always block. To enable synthesis of FPGA/CPLD hardware, XST will assume that all necessary signals are present in the sensitivity list. Please note that the result of the synthesis may differ from the initial design specification. The missing signals are:
   <rom_content>
Module <Ducks_Rom> is correct for synthesis.
 
Analyzing module <Ducks_Drawer.2> in library <work>.
	counterX_limit = 32'sb00000000000000001110101001100000
	counterY_limit = 32'sb00000000000000111111011110100000
	initial_posX = 11'sb11100111000
	initial_posY = 10'sb0010110100
	shouldIntercalate = 32'sb00000000000000000000000000000000
	uPOrDown = 1'sb1
Module <Ducks_Drawer.2> is correct for synthesis.
 
Analyzing module <Ducks_Drawer.3> in library <work>.
	counterX_limit = 32'sb00000000000000010001000101110000
	counterY_limit = 32'sb00000000000000111111011110100000
	initial_posX = 11'sb11111001110
	initial_posY = 10'sb0001101110
	shouldIntercalate = 32'sb00000000000000000000000000000001
	uPOrDown = 1'sb1
Module <Ducks_Drawer.3> is correct for synthesis.
 
Analyzing module <Ducks_Drawer.4> in library <work>.
	counterX_limit = 32'sb00000000000000010011100010000000
	counterY_limit = 32'sb00000000000000111111011110100000
	initial_posX = 11'sb11001110000
	initial_posY = 10'sb0001000110
	shouldIntercalate = 32'sb00000000000000000000000000000001
	uPOrDown = 1'sb1
Module <Ducks_Drawer.4> is correct for synthesis.
 
Analyzing module <Gun> in library <work>.
Module <Gun> is correct for synthesis.
 
Analyzing module <Shot_Builder> in library <work>.
Module <Shot_Builder> is correct for synthesis.
 
Analyzing module <Bullet_Drawer> in library <work>.
Module <Bullet_Drawer> is correct for synthesis.
 
Analyzing module <Collision_Control> in library <work>.
Module <Collision_Control> is correct for synthesis.
 
Analyzing module <Comparator> in library <work>.
Module <Comparator> is correct for synthesis.
 
Analyzing module <Control_Drawer> in library <work>.
Module <Control_Drawer> is correct for synthesis.
 
Analyzing module <VGA_LOGIC> in library <work>.
Module <VGA_LOGIC> is correct for synthesis.
 

=========================================================================
*                           HDL Synthesis                               *
=========================================================================

Performing bidirectional port resolution...
INFO:Xst:2679 - Register <i> in unit <Shot_Builder> has a constant value of 1000 during circuit operation. The register is replaced by logic.
INFO:Xst:2679 - Register <decrementar> in unit <Shot_Builder> has a constant value of 0 during circuit operation. The register is replaced by logic.

Synthesizing Unit <Gun>.
    Related source file is "Gun.v".
    Found 1-bit register for signal <draw>.
    Found 10-bit register for signal <pos_x>.
    Found 6-bit register for signal <data>.
    Found 10-bit adder carry out for signal <add0000$addsub0000> created at line 56.
    Found 10-bit adder carry out for signal <add0001$addsub0000> created at line 56.
    Found 10-bit adder carry out for signal <add0002$addsub0000> created at line 50.
    Found 10-bit adder carry out for signal <add0003$addsub0000> created at line 50.
    Found 10-bit adder carry out for signal <add0004$addsub0000> created at line 44.
    Found 10-bit adder carry out for signal <add0005$addsub0000> created at line 44.
    Found 10-bit adder carry out for signal <add0006$addsub0000> created at line 38.
    Found 10-bit adder carry out for signal <add0007$addsub0000> created at line 38.
    Found 10-bit adder carry out for signal <add0008$addsub0000> created at line 29.
    Found 10-bit adder carry out for signal <add0009$addsub0000> created at line 20.
    Found 10-bit adder carry out for signal <add0010$addsub0000> created at line 20.
    Found 16-bit up counter for signal <contador>.
    Found 16-bit comparator greatequal for signal <contador$cmp_ge0000> created at line 64.
    Found 10-bit comparator greatequal for signal <data$cmp_ge0000> created at line 27.
    Found 10-bit comparator greatequal for signal <data$cmp_ge0001> created at line 35.
    Found 11-bit comparator greater for signal <data$cmp_gt0000> created at line 29.
    Found 11-bit comparator greater for signal <data$cmp_gt0001> created at line 38.
    Found 11-bit comparator greater for signal <data$cmp_gt0002> created at line 44.
    Found 11-bit comparator greater for signal <data$cmp_gt0003> created at line 50.
    Found 11-bit comparator greater for signal <data$cmp_gt0004> created at line 56.
    Found 11-bit comparator greater for signal <data$cmp_gt0005> created at line 20.
    Found 3-bit comparator lessequal for signal <data$cmp_le0000> created at line 37.
    Found 3-bit comparator lessequal for signal <data$cmp_le0001> created at line 43.
    Found 3-bit comparator lessequal for signal <data$cmp_le0002> created at line 49.
    Found 3-bit comparator lessequal for signal <data$cmp_le0003> created at line 55.
    Found 10-bit comparator lessequal for signal <data$cmp_le0004> created at line 19.
    Found 10-bit comparator lessequal for signal <data$cmp_le0005> created at line 35.
    Found 10-bit comparator less for signal <data$cmp_lt0000> created at line 29.
    Found 11-bit comparator less for signal <data$cmp_lt0001> created at line 38.
    Found 11-bit comparator less for signal <data$cmp_lt0002> created at line 44.
    Found 11-bit comparator less for signal <data$cmp_lt0003> created at line 50.
    Found 11-bit comparator less for signal <data$cmp_lt0004> created at line 56.
    Found 11-bit comparator less for signal <data$cmp_lt0005> created at line 20.
    Found 10-bit comparator greatequal for signal <draw$cmp_ge0000> created at line 29.
    Found 11-bit comparator greatequal for signal <draw$cmp_ge0001> created at line 20.
    Found 11-bit comparator greatequal for signal <draw$cmp_ge0002> created at line 56.
    Found 11-bit comparator greatequal for signal <draw$cmp_ge0003> created at line 50.
    Found 11-bit comparator greatequal for signal <draw$cmp_ge0004> created at line 44.
    Found 11-bit comparator greatequal for signal <draw$cmp_ge0005> created at line 38.
    Found 10-bit comparator greater for signal <draw$cmp_gt0000> created at line 35.
    Found 10-bit comparator greater for signal <draw$cmp_gt0001> created at line 27.
    Found 10-bit comparator greater for signal <draw$cmp_gt0002> created at line 19.
    Found 3-bit comparator greater for signal <draw$cmp_gt0003> created at line 55.
    Found 3-bit comparator greater for signal <draw$cmp_gt0004> created at line 49.
    Found 3-bit comparator greater for signal <draw$cmp_gt0005> created at line 43.
    Found 3-bit comparator greater for signal <draw$cmp_gt0006> created at line 37.
    Found 11-bit comparator lessequal for signal <draw$cmp_le0000> created at line 29.
    Found 10-bit comparator lessequal for signal <draw$cmp_le0001> created at line 19.
    Found 11-bit comparator lessequal for signal <draw$cmp_le0002> created at line 20.
    Found 11-bit comparator lessequal for signal <draw$cmp_le0003> created at line 56.
    Found 11-bit comparator lessequal for signal <draw$cmp_le0004> created at line 50.
    Found 11-bit comparator lessequal for signal <draw$cmp_le0005> created at line 44.
    Found 11-bit comparator lessequal for signal <draw$cmp_le0006> created at line 38.
    Found 10-bit comparator less for signal <draw$cmp_lt0000> created at line 35.
    Found 10-bit comparator less for signal <draw$cmp_lt0001> created at line 27.
    Found 10-bit updown counter for signal <offset>.
    Found 10-bit comparator greatequal for signal <offset$cmp_ge0000> created at line 71.
    Found 10-bit comparator lessequal for signal <offset$cmp_le0000> created at line 67.
    Found 16-bit comparator less for signal <offset$cmp_lt0000> created at line 64.
    Found 16-bit adder for signal <old_contador_33$add0000> created at line 63.
    Found 10-bit adder for signal <pos_x$add0000> created at line 23.
    Summary:
	inferred   2 Counter(s).
	inferred  17 D-type flip-flop(s).
	inferred  13 Adder/Subtractor(s).
	inferred  46 Comparator(s).
Unit <Gun> synthesized.


Synthesizing Unit <Shot_Builder>.
    Related source file is "Shot_Builder.v".
WARNING:Xst:646 - Signal <validBit2> is assigned but never used. This unconnected signal will be trimmed during the optimization process.
WARNING:Xst:646 - Signal <position_y> is assigned but never used. This unconnected signal will be trimmed during the optimization process.
    Found 3-bit up counter for signal <contador_balas>.
    Found 3-bit up counter for signal <address>.
    Found 1-bit 8-to-1 multiplexer for signal <bitDebuggin>.
    Found 16-bit up counter for signal <contador>.
    Found 16-bit comparator greatequal for signal <contador$cmp_ge0000> created at line 94.
    Found 3-bit up counter for signal <debug_address>.
    Found 1-bit register for signal <fin>.
    Found 1-bit register for signal <instantiate>.
    Found 3-bit register for signal <new_address>.
    Found 16-bit adder for signal <old_contador_34$add0000> created at line 93.
    Found 16-bit comparator greatequal for signal <old_decrementar_37$cmp_ge0000> created at line 94.
    Found 3-bit adder for signal <old_new_address_36$addsub0000> created at line 84.
    Found 1-bit register for signal <shouldInstantiate>.
    Found 8-bit register for signal <valid>.
    Found 32-bit comparator greatequal for signal <valid_0$cmp_ge0000> created at line 119.
    Found 32-bit comparator greatequal for signal <valid_1$cmp_ge0000> created at line 124.
    Found 32-bit comparator greatequal for signal <valid_2$cmp_ge0000> created at line 129.
    Found 32-bit comparator greatequal for signal <valid_3$cmp_ge0000> created at line 134.
    Found 32-bit comparator greatequal for signal <valid_4$cmp_ge0000> created at line 139.
    Found 32-bit comparator greatequal for signal <valid_5$cmp_ge0000> created at line 144.
    Found 32-bit comparator greatequal for signal <valid_6$cmp_ge0000> created at line 149.
    Found 32-bit comparator greatequal for signal <valid_7$cmp_ge0000> created at line 154.
    Found 1-bit 8-to-1 multiplexer for signal <valid_Bit>.
    Found 80-bit register for signal <X_Positions>.
    Found 80-bit register for signal <Y_Positions>.
    Found 10-bit subtractor for signal <Y_Positions_0$addsub0000> created at line 120.
    Found 32-bit comparator less for signal <Y_Positions_0$cmp_lt0000> created at line 119.
    Found 10-bit subtractor for signal <Y_Positions_1$addsub0000> created at line 125.
    Found 32-bit comparator less for signal <Y_Positions_1$cmp_lt0000> created at line 124.
    Found 10-bit subtractor for signal <Y_Positions_2$addsub0000> created at line 130.
    Found 32-bit comparator less for signal <Y_Positions_2$cmp_lt0000> created at line 129.
    Found 10-bit subtractor for signal <Y_Positions_3$addsub0000> created at line 135.
    Found 32-bit comparator less for signal <Y_Positions_3$cmp_lt0000> created at line 134.
    Found 10-bit subtractor for signal <Y_Positions_4$addsub0000> created at line 140.
    Found 32-bit comparator less for signal <Y_Positions_4$cmp_lt0000> created at line 139.
    Found 10-bit subtractor for signal <Y_Positions_5$addsub0000> created at line 145.
    Found 32-bit comparator less for signal <Y_Positions_5$cmp_lt0000> created at line 144.
    Found 10-bit subtractor for signal <Y_Positions_6$addsub0000> created at line 150.
    Found 32-bit comparator less for signal <Y_Positions_6$cmp_lt0000> created at line 149.
    Found 10-bit subtractor for signal <Y_Positions_7$addsub0000> created at line 155.
    Found 32-bit comparator less for signal <Y_Positions_7$cmp_lt0000> created at line 154.
    Summary:
	inferred   4 Counter(s).
	inferred 174 D-type flip-flop(s).
	inferred  10 Adder/Subtractor(s).
	inferred  18 Comparator(s).
	inferred   2 Multiplexer(s).
Unit <Shot_Builder> synthesized.


Synthesizing Unit <Bullet_Drawer>.
    Related source file is "Bullet_Drawer.v".
    Found 1-bit register for signal <draw>.
    Found 11-bit adder for signal <add0000$add0000> created at line 16.
    Found 10-bit adder carry out for signal <add0001$addsub0000> created at line 17.
    Found 11-bit comparator greatequal for signal <draw$cmp_ge0000> created at line 17.
    Found 11-bit comparator greater for signal <draw$cmp_gt0000> created at line 16.
    Found 10-bit comparator less for signal <draw$cmp_lt0000> created at line 16.
    Found 10-bit comparator less for signal <draw$cmp_lt0001> created at line 17.
    Summary:
	inferred   1 D-type flip-flop(s).
	inferred   2 Adder/Subtractor(s).
	inferred   4 Comparator(s).
Unit <Bullet_Drawer> synthesized.


Synthesizing Unit <Collision_Control>.
    Related source file is "Collision_Control.v".
    Found 11-bit register for signal <bulletPosition_x>.
    Found 10-bit register for signal <bulletPosition_y>.
    Found 11-bit 8-to-1 multiplexer for signal <bulletPosition_x$mux0000> created at line 28.
    Found 10-bit 8-to-1 multiplexer for signal <bulletPosition_y$mux0000> created at line 28.
    Found 3-bit up counter for signal <contador>.
    Summary:
	inferred   1 Counter(s).
	inferred  21 D-type flip-flop(s).
	inferred   1 Adder/Subtractor(s).
	inferred  21 Multiplexer(s).
Unit <Collision_Control> synthesized.


Synthesizing Unit <Comparator>.
    Related source file is "Comparator.v".
    Found 12-bit adder for signal <$add0000> created at line 11.
    Found 11-bit adder for signal <$add0001> created at line 11.
    Found 12-bit adder for signal <$add0002> created at line 16.
    Found 11-bit adder for signal <$add0003> created at line 16.
    Found 11-bit comparator greatequal for signal <collision$cmp_ge0000> created at line 11.
    Found 10-bit comparator greatequal for signal <collision$cmp_ge0001> created at line 11.
    Found 11-bit comparator greatequal for signal <collision$cmp_ge0002> created at line 16.
    Found 10-bit comparator greatequal for signal <collision$cmp_ge0003> created at line 16.
    Found 12-bit comparator lessequal for signal <collision$cmp_le0000> created at line 11.
    Found 11-bit comparator lessequal for signal <collision$cmp_le0001> created at line 11.
    Found 12-bit comparator lessequal for signal <collision$cmp_le0002> created at line 16.
    Found 11-bit comparator lessequal for signal <collision$cmp_le0003> created at line 16.
    Summary:
	inferred   4 Adder/Subtractor(s).
	inferred   8 Comparator(s).
Unit <Comparator> synthesized.


Synthesizing Unit <Control_Drawer>.
    Related source file is "Control_Drawer.v".
    Found 1-bit register for signal <draw>.
    Found 6-bit register for signal <data>.
    Summary:
	inferred   7 D-type flip-flop(s).
Unit <Control_Drawer> synthesized.


Synthesizing Unit <VGA_LOGIC>.
    Related source file is "VGA_LOGIC.v".
WARNING:Xst:1780 - Signal <contColumn> is never used or assigned. This unconnected signal will be trimmed during the optimization process.
    Found 1-bit register for signal <vsync>.
    Found 2-bit register for signal <blue_out>.
    Found 2-bit register for signal <red_out>.
    Found 2-bit register for signal <green_out>.
    Found 1-bit register for signal <hsync>.
    Found 6-bit register for signal <color>.
    Found 10-bit comparator less for signal <color$cmp_lt0000> created at line 60.
    Found 10-bit comparator less for signal <color$cmp_lt0001> created at line 63.
    Found 10-bit register for signal <hcount>.
    Found 10-bit comparator greatequal for signal <hsync$cmp_ge0000> created at line 42.
    Found 10-bit comparator less for signal <hsync$cmp_lt0000> created at line 42.
    Found 10-bit adder for signal <old_hcount_41$addsub0000> created at line 33.
    Found 10-bit adder for signal <old_vcount_40$addsub0000> created at line 30.
    Found 10-bit comparator less for signal <red_out$cmp_lt0000> created at line 48.
    Found 10-bit comparator less for signal <red_out$cmp_lt0001> created at line 48.
    Found 10-bit register for signal <vcount>.
    Found 10-bit comparator greatequal for signal <vsync$cmp_ge0000> created at line 36.
    Found 10-bit comparator less for signal <vsync$cmp_lt0000> created at line 36.
    Summary:
	inferred  34 D-type flip-flop(s).
	inferred   2 Adder/Subtractor(s).
	inferred   8 Comparator(s).
Unit <VGA_LOGIC> synthesized.


Synthesizing Unit <Ducks_Rom>.
    Related source file is "Ducks_Rom.v".
WARNING:Xst:1781 - Signal <rom_content> is used but never assigned. Tied to default value.
    Found 2048x6-bit ROM for signal <data>.
    Summary:
	inferred   1 ROM(s).
Unit <Ducks_Rom> synthesized.


Synthesizing Unit <Ducks_Drawer_1>.
    Related source file is "Ducks_Drawer.v".
    Found 1-bit register for signal <draw>.
    Found 11-bit register for signal <pos_x>.
    Found 10-bit register for signal <pos_y>.
    Found 11-bit adder for signal <add0000$add0000> created at line 64.
    Found 11-bit up counter for signal <address>.
    Found 12-bit comparator greatequal for signal <address$cmp_ge0000> created at line 66.
    Found 12-bit comparator less for signal <address$cmp_lt0000> created at line 66.
    Found 5-bit up counter for signal <cont>.
    Found 19-bit comparator greatequal for signal <cont$cmp_ge0000> created at line 35.
    Found 17-bit up counter for signal <contadorX>.
    Found 17-bit comparator greater for signal <contadorX$cmp_gt0000> created at line 57.
    Found 18-bit up counter for signal <contadorY>.
    Found 19-bit comparator greatequal for signal <contadorY$cmp_ge0000> created at line 35.
    Found 12-bit adder for signal <draw$add0000> created at line 66.
    Found 11-bit comparator greatequal for signal <draw$cmp_ge0000> created at line 64.
    Found 12-bit comparator greatequal for signal <draw$cmp_ge0001> created at line 66.
    Found 10-bit comparator less for signal <draw$cmp_lt0000> created at line 64.
    Found 12-bit comparator less for signal <draw$cmp_lt0001> created at line 66.
    Found 5-bit register for signal <offset_y>.
    Found 17-bit adder for signal <old_contadorX_8$add0000> created at line 56.
    Found 18-bit adder for signal <old_contadorY_5$add0000> created at line 34.
    Found 5-bit adder for signal <old_offset_y_6$addsub0000>.
    Found 32-bit comparator less for signal <old_pos_x_10$cmp_lt0000> created at line 61.
    Found 11-bit subtractor for signal <old_pos_x_9$addsub0000> created at line 59.
    Found 17-bit comparator greater for signal <old_pos_x_9$cmp_gt0000> created at line 57.
    Found 10-bit adder for signal <old_pos_y_7$addsub0000> created at line 48.
    Found 1-bit register for signal <shouldStop>.
    Found 11-bit comparator greatequal for signal <shouldStop$cmp_ge0000> created at line 51.
    Found 32-bit comparator lessequal for signal <shouldStop$cmp_le0000> created at line 51.
    Found 19-bit comparator less for signal <shouldStop$cmp_lt0000> created at line 35.
    Summary:
	inferred   4 Counter(s).
	inferred  28 D-type flip-flop(s).
	inferred   7 Adder/Subtractor(s).
	inferred  14 Comparator(s).
Unit <Ducks_Drawer_1> synthesized.


Synthesizing Unit <Ducks_Drawer_2>.
    Related source file is "Ducks_Drawer.v".
    Found 1-bit register for signal <draw>.
    Found 11-bit register for signal <pos_x>.
    Found 10-bit register for signal <pos_y>.
    Found 11-bit adder for signal <add0000$add0000> created at line 64.
    Found 11-bit up counter for signal <address>.
    Found 12-bit comparator greatequal for signal <address$cmp_ge0000> created at line 66.
    Found 12-bit comparator less for signal <address$cmp_lt0000> created at line 66.
    Found 5-bit up counter for signal <cont>.
    Found 19-bit comparator greatequal for signal <cont$cmp_ge0000> created at line 35.
    Found 17-bit up counter for signal <contadorX>.
    Found 17-bit comparator greater for signal <contadorX$cmp_gt0000> created at line 57.
    Found 18-bit up counter for signal <contadorY>.
    Found 19-bit comparator greatequal for signal <contadorY$cmp_ge0000> created at line 35.
    Found 12-bit adder for signal <draw$add0000> created at line 66.
    Found 11-bit comparator greatequal for signal <draw$cmp_ge0000> created at line 64.
    Found 12-bit comparator greatequal for signal <draw$cmp_ge0001> created at line 66.
    Found 10-bit comparator less for signal <draw$cmp_lt0000> created at line 64.
    Found 12-bit comparator less for signal <draw$cmp_lt0001> created at line 66.
    Found 5-bit register for signal <offset_y>.
    Found 17-bit adder for signal <old_contadorX_14$add0000> created at line 56.
    Found 18-bit adder for signal <old_contadorY_11$add0000> created at line 34.
    Found 5-bit adder for signal <old_offset_y_12$addsub0000>.
    Found 11-bit subtractor for signal <old_pos_x_15$addsub0000> created at line 59.
    Found 17-bit comparator greater for signal <old_pos_x_15$cmp_gt0000> created at line 57.
    Found 32-bit comparator less for signal <old_pos_x_16$cmp_lt0000> created at line 61.
    Found 10-bit adder for signal <old_pos_y_13$addsub0000> created at line 48.
    Found 1-bit register for signal <shouldStop>.
    Found 11-bit comparator greatequal for signal <shouldStop$cmp_ge0000> created at line 51.
    Found 32-bit comparator lessequal for signal <shouldStop$cmp_le0000> created at line 51.
    Found 19-bit comparator less for signal <shouldStop$cmp_lt0000> created at line 35.
    Summary:
	inferred   4 Counter(s).
	inferred  28 D-type flip-flop(s).
	inferred   7 Adder/Subtractor(s).
	inferred  14 Comparator(s).
Unit <Ducks_Drawer_2> synthesized.


Synthesizing Unit <Ducks_Drawer_3>.
    Related source file is "Ducks_Drawer.v".
    Found 1-bit register for signal <draw>.
    Found 11-bit register for signal <pos_x>.
    Found 10-bit register for signal <pos_y>.
    Found 11-bit adder for signal <add0000$add0000> created at line 64.
    Found 11-bit up counter for signal <address>.
    Found 12-bit comparator greatequal for signal <address$cmp_ge0000> created at line 66.
    Found 12-bit comparator less for signal <address$cmp_lt0000> created at line 66.
    Found 5-bit up counter for signal <cont>.
    Found 19-bit comparator greatequal for signal <cont$cmp_ge0000> created at line 35.
    Found 17-bit up counter for signal <contadorX>.
    Found 18-bit comparator greater for signal <contadorX$cmp_gt0000> created at line 57.
    Found 18-bit up counter for signal <contadorY>.
    Found 19-bit comparator greatequal for signal <contadorY$cmp_ge0000> created at line 35.
    Found 12-bit adder for signal <draw$add0000> created at line 66.
    Found 11-bit comparator greatequal for signal <draw$cmp_ge0000> created at line 64.
    Found 12-bit comparator greatequal for signal <draw$cmp_ge0001> created at line 66.
    Found 10-bit comparator less for signal <draw$cmp_lt0000> created at line 64.
    Found 12-bit comparator less for signal <draw$cmp_lt0001> created at line 66.
    Found 5-bit register for signal <offset_y>.
    Found 5-bit adder for signal <old_cont_18$add0000> created at line 37.
    Found 17-bit adder for signal <old_contadorX_22$add0000> created at line 56.
    Found 18-bit adder for signal <old_contadorY_17$add0000> created at line 34.
    Found 5-bit adder for signal <old_offset_y_19$addsub0000>.
    Found 5-bit adder for signal <old_offset_y_20$addsub0000>.
    Found 11-bit subtractor for signal <old_pos_x_23$addsub0000> created at line 59.
    Found 18-bit comparator greater for signal <old_pos_x_23$cmp_gt0000> created at line 57.
    Found 32-bit comparator less for signal <old_pos_x_24$cmp_lt0000> created at line 61.
    Found 10-bit adder for signal <old_pos_y_21$addsub0000> created at line 48.
    Found 1-bit register for signal <shouldStop>.
    Found 11-bit comparator greatequal for signal <shouldStop$cmp_ge0000> created at line 51.
    Found 32-bit comparator lessequal for signal <shouldStop$cmp_le0000> created at line 51.
    Found 19-bit comparator less for signal <shouldStop$cmp_lt0000> created at line 35.
    Summary:
	inferred   4 Counter(s).
	inferred  28 D-type flip-flop(s).
	inferred   9 Adder/Subtractor(s).
	inferred  14 Comparator(s).
Unit <Ducks_Drawer_3> synthesized.


Synthesizing Unit <Ducks_Drawer_4>.
    Related source file is "Ducks_Drawer.v".
    Found 1-bit register for signal <draw>.
    Found 11-bit register for signal <pos_x>.
    Found 10-bit register for signal <pos_y>.
    Found 11-bit adder for signal <add0000$add0000> created at line 64.
    Found 11-bit up counter for signal <address>.
    Found 12-bit comparator greatequal for signal <address$cmp_ge0000> created at line 66.
    Found 12-bit comparator less for signal <address$cmp_lt0000> created at line 66.
    Found 5-bit up counter for signal <cont>.
    Found 19-bit comparator greatequal for signal <cont$cmp_ge0000> created at line 35.
    Found 17-bit up counter for signal <contadorX>.
    Found 18-bit comparator greater for signal <contadorX$cmp_gt0000> created at line 57.
    Found 18-bit up counter for signal <contadorY>.
    Found 19-bit comparator greatequal for signal <contadorY$cmp_ge0000> created at line 35.
    Found 12-bit adder for signal <draw$add0000> created at line 66.
    Found 11-bit comparator greatequal for signal <draw$cmp_ge0000> created at line 64.
    Found 12-bit comparator greatequal for signal <draw$cmp_ge0001> created at line 66.
    Found 10-bit comparator less for signal <draw$cmp_lt0000> created at line 64.
    Found 12-bit comparator less for signal <draw$cmp_lt0001> created at line 66.
    Found 5-bit register for signal <offset_y>.
    Found 5-bit adder for signal <old_cont_26$add0000> created at line 37.
    Found 17-bit adder for signal <old_contadorX_30$add0000> created at line 56.
    Found 18-bit adder for signal <old_contadorY_25$add0000> created at line 34.
    Found 5-bit adder for signal <old_offset_y_27$addsub0000>.
    Found 5-bit adder for signal <old_offset_y_28$addsub0000>.
    Found 11-bit subtractor for signal <old_pos_x_31$addsub0000> created at line 59.
    Found 18-bit comparator greater for signal <old_pos_x_31$cmp_gt0000> created at line 57.
    Found 32-bit comparator less for signal <old_pos_x_32$cmp_lt0000> created at line 61.
    Found 10-bit adder for signal <old_pos_y_29$addsub0000> created at line 48.
    Found 1-bit register for signal <shouldStop>.
    Found 11-bit comparator greatequal for signal <shouldStop$cmp_ge0000> created at line 51.
    Found 32-bit comparator lessequal for signal <shouldStop$cmp_le0000> created at line 51.
    Found 19-bit comparator less for signal <shouldStop$cmp_lt0000> created at line 35.
    Summary:
	inferred   4 Counter(s).
	inferred  28 D-type flip-flop(s).
	inferred   9 Adder/Subtractor(s).
	inferred  14 Comparator(s).
Unit <Ducks_Drawer_4> synthesized.


Synthesizing Unit <Main>.
    Related source file is "Main.v".
WARNING:Xst:1780 - Signal <shot_data> is never used or assigned. This unconnected signal will be trimmed during the optimization process.
WARNING:Xst:646 - Signal <contador_led> is assigned but never used. This unconnected signal will be trimmed during the optimization process.
    Found 8-bit up counter for signal <led>.
    Found 3-bit register for signal <bullet_counter>.
    Found 3-bit subtractor for signal <bullet_counter$addsub0000> created at line 203.
    Found 3-bit comparator greater for signal <bullet_counter$cmp_gt0000> created at line 202.
    Found 25-bit up counter for signal <contador>.
    Found 25-bit comparator greatequal for signal <contador$cmp_ge0000> created at line 188.
    Found 1-bit register for signal <fired>.
    Found 1-bit register for signal <hasCollisioned>.
    Found 25-bit adder for signal <old_contador_2$add0000> created at line 187.
    Found 5-bit up counter for signal <segs>.
    Found 5-bit comparator greatequal for signal <segs$cmp_ge0000> created at line 189.
    Found 25-bit comparator less for signal <segs$cmp_lt0000> created at line 188.
    Summary:
	inferred   3 Counter(s).
	inferred   5 D-type flip-flop(s).
	inferred   2 Adder/Subtractor(s).
	inferred   4 Comparator(s).
Unit <Main> synthesized.


=========================================================================
HDL Synthesis Report

Macro Statistics
# ROMs                                                 : 4
 2048x6-bit ROM                                        : 4
# Adders/Subtractors                                   : 92
 10-bit adder                                          : 7
 10-bit adder carry out                                : 19
 10-bit subtractor                                     : 8
 11-bit adder                                          : 20
 11-bit subtractor                                     : 4
 12-bit adder                                          : 12
 16-bit adder                                          : 2
 17-bit adder                                          : 4
 18-bit adder                                          : 4
 25-bit adder                                          : 1
 3-bit adder                                           : 2
 3-bit subtractor                                      : 1
 5-bit adder                                           : 8
# Counters                                             : 23
 10-bit updown counter                                 : 1
 11-bit up counter                                     : 4
 16-bit up counter                                     : 2
 17-bit up counter                                     : 4
 18-bit up counter                                     : 4
 25-bit up counter                                     : 1
 3-bit up counter                                      : 3
 5-bit up counter                                      : 3
 8-bit up counter                                      : 1
# Registers                                            : 74
 1-bit register                                        : 33
 10-bit register                                       : 24
 11-bit register                                       : 5
 2-bit register                                        : 3
 3-bit register                                        : 2
 5-bit register                                        : 4
 6-bit register                                        : 3
# Comparators                                          : 196
 10-bit comparator greatequal                          : 14
 10-bit comparator greater                             : 3
 10-bit comparator less                                : 29
 10-bit comparator lessequal                           : 4
 11-bit comparator greatequal                          : 29
 11-bit comparator greater                             : 14
 11-bit comparator less                                : 5
 11-bit comparator lessequal                           : 14
 12-bit comparator greatequal                          : 8
 12-bit comparator less                                : 8
 12-bit comparator lessequal                           : 8
 16-bit comparator greatequal                          : 3
 16-bit comparator less                                : 1
 17-bit comparator greater                             : 4
 18-bit comparator greater                             : 4
 19-bit comparator greatequal                          : 8
 19-bit comparator less                                : 4
 25-bit comparator greatequal                          : 1
 25-bit comparator less                                : 1
 3-bit comparator greater                              : 5
 3-bit comparator lessequal                            : 4
 32-bit comparator greatequal                          : 8
 32-bit comparator less                                : 12
 32-bit comparator lessequal                           : 4
 5-bit comparator greatequal                           : 1
# Multiplexers                                         : 4
 1-bit 8-to-1 multiplexer                              : 2
 10-bit 8-to-1 multiplexer                             : 1
 11-bit 8-to-1 multiplexer                             : 1

=========================================================================

=========================================================================
*                       Advanced HDL Synthesis                          *
=========================================================================

INFO:Xst:2261 - The FF/Latch <data_0> in Unit <g> is equivalent to the following 3 FFs/Latches, which will be removed : <data_1> <data_3> <data_5> 
WARNING:Xst:1710 - FF/Latch <data_0> (without init value) has a constant value of 0 in block <g>. This FF/Latch will be trimmed during the optimization process.
WARNING:Xst:2404 -  FFs/Latches <data<5:5>> (without init value) have a constant value of 0 in block <Gun>.

Synthesizing (advanced) Unit <Ducks_Drawer_1>.
The following registers are absorbed into accumulator <pos_y>: 1 register on signal <pos_y>.
Unit <Ducks_Drawer_1> synthesized (advanced).

Synthesizing (advanced) Unit <Ducks_Drawer_2>.
The following registers are absorbed into accumulator <pos_y>: 1 register on signal <pos_y>.
Unit <Ducks_Drawer_2> synthesized (advanced).

Synthesizing (advanced) Unit <Ducks_Drawer_3>.
The following registers are absorbed into accumulator <pos_y>: 1 register on signal <pos_y>.
Unit <Ducks_Drawer_3> synthesized (advanced).

Synthesizing (advanced) Unit <Ducks_Drawer_4>.
The following registers are absorbed into accumulator <pos_y>: 1 register on signal <pos_y>.
Unit <Ducks_Drawer_4> synthesized (advanced).

=========================================================================
Advanced HDL Synthesis Report

Macro Statistics
# ROMs                                                 : 4
 2048x6-bit ROM                                        : 4
# Adders/Subtractors                                   : 92
 10-bit adder                                          : 7
 10-bit adder carry out                                : 19
 10-bit subtractor                                     : 8
 11-bit adder                                          : 20
 11-bit subtractor                                     : 4
 12-bit adder                                          : 12
 16-bit adder                                          : 2
 17-bit adder                                          : 4
 18-bit adder                                          : 4
 25-bit adder                                          : 1
 3-bit adder                                           : 2
 3-bit subtractor                                      : 1
 5-bit adder                                           : 8
# Counters                                             : 23
 10-bit updown counter                                 : 1
 11-bit up counter                                     : 4
 16-bit up counter                                     : 2
 17-bit up counter                                     : 4
 18-bit up counter                                     : 4
 25-bit up counter                                     : 1
 3-bit up counter                                      : 3
 5-bit up counter                                      : 3
 8-bit up counter                                      : 1
# Accumulators                                         : 4
 10-bit up loadable accumulator                        : 4
# Registers                                            : 337
 Flip-Flops                                            : 337
# Comparators                                          : 196
 10-bit comparator greatequal                          : 14
 10-bit comparator greater                             : 3
 10-bit comparator less                                : 29
 10-bit comparator lessequal                           : 4
 11-bit comparator greatequal                          : 29
 11-bit comparator greater                             : 14
 11-bit comparator less                                : 5
 11-bit comparator lessequal                           : 14
 12-bit comparator greatequal                          : 8
 12-bit comparator less                                : 8
 12-bit comparator lessequal                           : 8
 16-bit comparator greatequal                          : 3
 16-bit comparator less                                : 1
 17-bit comparator greater                             : 4
 18-bit comparator greater                             : 4
 19-bit comparator greatequal                          : 8
 19-bit comparator less                                : 4
 25-bit comparator greatequal                          : 1
 25-bit comparator less                                : 1
 3-bit comparator greater                              : 5
 3-bit comparator lessequal                            : 4
 32-bit comparator greatequal                          : 8
 32-bit comparator less                                : 12
 32-bit comparator lessequal                           : 4
 5-bit comparator greatequal                           : 1
# Multiplexers                                         : 4
 1-bit 8-to-1 multiplexer                              : 2
 10-bit 8-to-1 multiplexer                             : 1
 11-bit 8-to-1 multiplexer                             : 1

=========================================================================

=========================================================================
*                         Low Level Synthesis                           *
=========================================================================
WARNING:Xst:1710 - FF/Latch <data_0> (without init value) has a constant value of 0 in block <Gun>. This FF/Latch will be trimmed during the optimization process.
WARNING:Xst:1895 - Due to other FF/Latch trimming, FF/Latch <data_1> (without init value) has a constant value of 0 in block <Gun>. This FF/Latch will be trimmed during the optimization process.
WARNING:Xst:1895 - Due to other FF/Latch trimming, FF/Latch <data_3> (without init value) has a constant value of 0 in block <Gun>. This FF/Latch will be trimmed during the optimization process.
WARNING:Xst:1710 - FF/Latch <bulletPosition_x_10> (without init value) has a constant value of 0 in block <Collision_Control>. This FF/Latch will be trimmed during the optimization process.
INFO:Xst:1901 - Instance vga_clock_dcm in unit Main of type DCM has been replaced by DCM_SP
INFO:Xst:2261 - The FF/Latch <data_2> in Unit <Gun> is equivalent to the following FF/Latch, which will be removed : <data_4> 

Optimizing unit <Main> ...

Optimizing unit <Gun> ...

Optimizing unit <Shot_Builder> ...

Optimizing unit <Bullet_Drawer> ...

Optimizing unit <Collision_Control> ...

Optimizing unit <Comparator> ...

Optimizing unit <Control_Drawer> ...

Optimizing unit <VGA_LOGIC> ...

Optimizing unit <Ducks_Drawer_1> ...
WARNING:Xst:1710 - FF/Latch <offset_y_0> (without init value) has a constant value of 1 in block <Ducks_Drawer_1>. This FF/Latch will be trimmed during the optimization process.

Optimizing unit <Ducks_Drawer_2> ...
WARNING:Xst:1710 - FF/Latch <offset_y_0> (without init value) has a constant value of 1 in block <Ducks_Drawer_2>. This FF/Latch will be trimmed during the optimization process.

Optimizing unit <Ducks_Drawer_3> ...
WARNING:Xst:1710 - FF/Latch <offset_y_0> (without init value) has a constant value of 1 in block <Ducks_Drawer_3>. This FF/Latch will be trimmed during the optimization process.

Optimizing unit <Ducks_Drawer_4> ...
WARNING:Xst:1710 - FF/Latch <offset_y_0> (without init value) has a constant value of 1 in block <Ducks_Drawer_4>. This FF/Latch will be trimmed during the optimization process.
WARNING:Xst:2677 - Node <SB/contador_balas_2> of sequential type is unconnected in block <Main>.
WARNING:Xst:2677 - Node <SB/contador_balas_1> of sequential type is unconnected in block <Main>.
WARNING:Xst:2677 - Node <SB/contador_balas_0> of sequential type is unconnected in block <Main>.
WARNING:Xst:2677 - Node <SB/debug_address_2> of sequential type is unconnected in block <Main>.
WARNING:Xst:2677 - Node <SB/debug_address_1> of sequential type is unconnected in block <Main>.
WARNING:Xst:2677 - Node <SB/debug_address_0> of sequential type is unconnected in block <Main>.
WARNING:Xst:2677 - Node <SB/fin> of sequential type is unconnected in block <Main>.

Mapping all equations...
Building and optimizing final netlist ...
Found area constraint ratio of 100 (+ 5) on block Main, actual ratio is 51.

Final Macro Processing ...

=========================================================================
Final Register Report

Macro Statistics
# Registers                                            : 644
 Flip-Flops                                            : 644

=========================================================================

=========================================================================
*                           Partition Report                            *
=========================================================================

Partition Implementation Status
-------------------------------

  No Partitions were found in this design.

-------------------------------

=========================================================================
*                            Final Report                               *
=========================================================================
Final Results
RTL Top Level Output File Name     : Main.ngr
Top Level Output File Name         : Main
Output Format                      : NGC
Optimization Goal                  : Speed
Keep Hierarchy                     : No

Design Statistics
# IOs                              : 23

Cell Usage :
# BELS                             : 7661
#      GND                         : 1
#      INV                         : 291
#      LUT1                        : 646
#      LUT2                        : 945
#      LUT2_D                      : 2
#      LUT2_L                      : 5
#      LUT3                        : 886
#      LUT3_D                      : 41
#      LUT3_L                      : 3
#      LUT4                        : 1171
#      LUT4_D                      : 12
#      LUT4_L                      : 9
#      MULT_AND                    : 40
#      MUXCY                       : 2029
#      MUXF5                       : 495
#      MUXF6                       : 137
#      MUXF7                       : 12
#      VCC                         : 1
#      XORCY                       : 935
# FlipFlops/Latches                : 644
#      FD                          : 31
#      FDE                         : 183
#      FDR                         : 280
#      FDRE                        : 89
#      FDRS                        : 4
#      FDRSE                       : 5
#      FDS                         : 40
#      FDSE                        : 12
# Clock Buffers                    : 3
#      BUFG                        : 3
# IO Buffers                       : 23
#      IBUF                        : 5
#      IBUFG                       : 1
#      OBUF                        : 17
# DCMs                             : 1
#      DCM_SP                      : 1
=========================================================================

Device utilization summary:
---------------------------

Selected Device : 3s500eft256-5 

 Number of Slices:                     2158  out of   4656    46%  
 Number of Slice Flip Flops:            644  out of   9312     6%  
 Number of 4 input LUTs:               4011  out of   9312    43%  
 Number of IOs:                          23
 Number of bonded IOBs:                  23  out of    190    12%  
 Number of GCLKs:                         3  out of     24    12%  
 Number of DCMs:                          1  out of      4    25%  

---------------------------
Partition Resource Summary:
---------------------------

  No Partitions were found in this design.

---------------------------


=========================================================================
TIMING REPORT

NOTE: THESE TIMING NUMBERS ARE ONLY A SYNTHESIS ESTIMATE.
      FOR ACCURATE TIMING INFORMATION PLEASE REFER TO THE TRACE REPORT
      GENERATED AFTER PLACE-and-ROUTE.

Clock Information:
------------------
-----------------------------------+------------------------+-------+
Clock Signal                       | Clock buffer(FF name)  | Load  |
-----------------------------------+------------------------+-------+
clk50mhz                           | vga_clock_dcm:CLKFX    | 77    |
logicClk1(logicClk11:O)            | BUFG(*)(g/contador_15) | 537   |
clk50mhz                           | IBUFG+BUFG             | 30    |
-----------------------------------+------------------------+-------+
(*) This 1 clock signal(s) are generated by combinatorial logic,
and XST is not able to identify which are the primary clock signals.
Please use the CLOCK_SIGNAL constraint to specify the clock signal(s) generated by combinatorial logic.

Asynchronous Control Signals Information:
----------------------------------------
No asynchronous control signals found in this design

Timing Summary:
---------------
Speed Grade: -5

   Minimum period: 16.866ns (Maximum Frequency: 59.292MHz)
   Minimum input arrival time before clock: 7.790ns
   Maximum output required time after clock: 6.364ns
   Maximum combinational path delay: No path found

Timing Detail:
--------------
All values displayed in nanoseconds (ns)

=========================================================================
Timing constraint: Default period analysis for Clock 'clk50mhz'
  Clock period: 12.007ns (frequency: 83.284MHz)
  Total number of paths / destination ports: 21499 / 164
-------------------------------------------------------------------------
Delay:               12.007ns (Levels of Logic = 9)
  Source:            CC/bulletPosition_x_5 (FF)
  Destination:       hasCollisioned (FF)
  Source Clock:      clk50mhz rising
  Destination Clock: clk50mhz rising 0.5X

  Data Path: CC/bulletPosition_x_5 to hasCollisioned
                                Gate     Net
    Cell:in->out      fanout   Delay   Delay  Logical Name (Net Name)
    ----------------------------------------  ------------
     FD:C->Q              22   0.514   1.141  CC/bulletPosition_x_5 (CC/bulletPosition_x_5)
     LUT3_D:I0->LO         1   0.612   0.103  C4/Madd__add0000_xor<6>111 (N440)
     LUT4:I3->O           16   0.612   1.031  C4/Madd__add0000_xor<9>111 (C4/N2)
     LUT2:I0->O            0   0.612   0.000  C3/Madd__add0000_xor<10>11 (C3/_add0000<10>)
     MUXCY:DI->O           1   0.773   0.000  C3/Mcompar_collision_cmp_le0000_cy<10> (C3/Mcompar_collision_cmp_le0000_cy<10>)
     MUXCY:CI->O           1   0.399   0.426  C3/Mcompar_collision_cmp_le0000_cy<11> (C3/collision_cmp_le0000)
     LUT4:I1->O            1   0.612   0.426  C3/collision10 (C3/collision10)
     LUT4_D:I1->O         19   0.612   0.991  C3/collision13 (collision3)
     LUT4:I1->O            9   0.612   0.766  hasCollisioned_or00001 (led_and0000)
     LUT2:I1->O            1   0.612   0.357  hasCollisioned_or00002 (hasCollisioned_or0000)
     FDRS:R                    0.795          hasCollisioned
    ----------------------------------------
    Total                     12.007ns (6.766ns logic, 5.242ns route)
                                       (56.3% logic, 43.7% route)

=========================================================================
Timing constraint: Default period analysis for Clock 'logicClk1'
  Clock period: 16.866ns (frequency: 59.292MHz)
  Total number of paths / destination ports: 7599583 / 1030
-------------------------------------------------------------------------
Delay:               16.866ns (Levels of Logic = 43)
  Source:            DD3/contadorX_1 (FF)
  Destination:       DD3/address_10 (FF)
  Source Clock:      logicClk1 rising
  Destination Clock: logicClk1 rising

  Data Path: DD3/contadorX_1 to DD3/address_10
                                Gate     Net
    Cell:in->out      fanout   Delay   Delay  Logical Name (Net Name)
    ----------------------------------------  ------------
     FDR:C->Q              2   0.514   0.532  DD3/contadorX_1 (DD3/contadorX_1)
     LUT1:I0->O            1   0.612   0.000  DD3/Madd_old_contadorX_22_add0000_cy<1>_rt (DD3/Madd_old_contadorX_22_add0000_cy<1>_rt)
     MUXCY:S->O            1   0.404   0.000  DD3/Madd_old_contadorX_22_add0000_cy<1> (DD3/Madd_old_contadorX_22_add0000_cy<1>)
     MUXCY:CI->O           1   0.052   0.000  DD3/Madd_old_contadorX_22_add0000_cy<2> (DD3/Madd_old_contadorX_22_add0000_cy<2>)
     MUXCY:CI->O           1   0.052   0.000  DD3/Madd_old_contadorX_22_add0000_cy<3> (DD3/Madd_old_contadorX_22_add0000_cy<3>)
     MUXCY:CI->O           1   0.052   0.000  DD3/Madd_old_contadorX_22_add0000_cy<4> (DD3/Madd_old_contadorX_22_add0000_cy<4>)
     MUXCY:CI->O           1   0.052   0.000  DD3/Madd_old_contadorX_22_add0000_cy<5> (DD3/Madd_old_contadorX_22_add0000_cy<5>)
     MUXCY:CI->O           1   0.052   0.000  DD3/Madd_old_contadorX_22_add0000_cy<6> (DD3/Madd_old_contadorX_22_add0000_cy<6>)
     MUXCY:CI->O           1   0.052   0.000  DD3/Madd_old_contadorX_22_add0000_cy<7> (DD3/Madd_old_contadorX_22_add0000_cy<7>)
     MUXCY:CI->O           1   0.052   0.000  DD3/Madd_old_contadorX_22_add0000_cy<8> (DD3/Madd_old_contadorX_22_add0000_cy<8>)
     MUXCY:CI->O           1   0.052   0.000  DD3/Madd_old_contadorX_22_add0000_cy<9> (DD3/Madd_old_contadorX_22_add0000_cy<9>)
     MUXCY:CI->O           1   0.052   0.000  DD3/Madd_old_contadorX_22_add0000_cy<10> (DD3/Madd_old_contadorX_22_add0000_cy<10>)
     MUXCY:CI->O           1   0.052   0.000  DD3/Madd_old_contadorX_22_add0000_cy<11> (DD3/Madd_old_contadorX_22_add0000_cy<11>)
     MUXCY:CI->O           1   0.052   0.000  DD3/Madd_old_contadorX_22_add0000_cy<12> (DD3/Madd_old_contadorX_22_add0000_cy<12>)
     MUXCY:CI->O           1   0.052   0.000  DD3/Madd_old_contadorX_22_add0000_cy<13> (DD3/Madd_old_contadorX_22_add0000_cy<13>)
     MUXCY:CI->O           1   0.052   0.000  DD3/Madd_old_contadorX_22_add0000_cy<14> (DD3/Madd_old_contadorX_22_add0000_cy<14>)
     MUXCY:CI->O           0   0.052   0.000  DD3/Madd_old_contadorX_22_add0000_cy<15> (DD3/Madd_old_contadorX_22_add0000_cy<15>)
     XORCY:CI->O           1   0.699   0.509  DD3/Madd_old_contadorX_22_add0000_xor<16> (DD3/old_contadorX_22_add0000<16>)
     LUT1:I0->O            1   0.612   0.000  DD3/Mcompar_old_pos_x_23_cmp_gt0000_cy<7>_rt (DD3/Mcompar_old_pos_x_23_cmp_gt0000_cy<7>_rt)
     MUXCY:S->O           20   0.752   0.967  DD3/Mcompar_old_pos_x_23_cmp_gt0000_cy<7> (DD3/Mcompar_old_pos_x_23_cmp_gt0000_cy<7>)
     LUT3:I2->O            4   0.612   0.000  DD3/_old_pos_x_23<1>1 (DD3/_old_pos_x_23<1>)
     MUXCY:S->O            1   0.404   0.000  DD3/Mcompar_old_pos_x_24_cmp_lt0000_cy<0> (DD3/Mcompar_old_pos_x_24_cmp_lt0000_cy<0>)
     MUXCY:CI->O           1   0.052   0.000  DD3/Mcompar_old_pos_x_24_cmp_lt0000_cy<1> (DD3/Mcompar_old_pos_x_24_cmp_lt0000_cy<1>)
     MUXCY:CI->O           1   0.052   0.000  DD3/Mcompar_old_pos_x_24_cmp_lt0000_cy<2> (DD3/Mcompar_old_pos_x_24_cmp_lt0000_cy<2>)
     MUXCY:CI->O           1   0.052   0.000  DD3/Mcompar_old_pos_x_24_cmp_lt0000_cy<3> (DD3/Mcompar_old_pos_x_24_cmp_lt0000_cy<3>)
     MUXCY:CI->O           1   0.052   0.000  DD3/Mcompar_old_pos_x_24_cmp_lt0000_cy<4> (DD3/Mcompar_old_pos_x_24_cmp_lt0000_cy<4>)
     MUXCY:CI->O           1   0.052   0.000  DD3/Mcompar_old_pos_x_24_cmp_lt0000_cy<5> (DD3/Mcompar_old_pos_x_24_cmp_lt0000_cy<5>)
     MUXCY:CI->O          18   0.399   0.977  DD3/Mcompar_old_pos_x_24_cmp_lt0000_cy<6> (DD3/Mcompar_old_pos_x_24_cmp_lt0000_cy<6>)
     LUT2:I1->O           18   0.612   0.977  DD3/_old_pos_x_24<0>121 (DD3/_old_pos_x_24<10>_mand)
     LUT2:I1->O            1   0.612   0.000  DD3/Madd_draw_add0000_lut<1> (DD3/Madd_draw_add0000_lut<1>)
     MUXCY:S->O            1   0.404   0.000  DD3/Madd_draw_add0000_cy<1> (DD3/Madd_draw_add0000_cy<1>)
     MUXCY:CI->O           1   0.051   0.000  DD3/Madd_draw_add0000_cy<2> (DD3/Madd_draw_add0000_cy<2>)
     MUXCY:CI->O           1   0.051   0.000  DD3/Madd_draw_add0000_cy<3> (DD3/Madd_draw_add0000_cy<3>)
     MUXCY:CI->O           1   0.051   0.000  DD3/Madd_draw_add0000_cy<4> (DD3/Madd_draw_add0000_cy<4>)
     MUXCY:CI->O           1   0.051   0.000  DD3/Madd_draw_add0000_cy<5> (DD3/Madd_draw_add0000_cy<5>)
     MUXCY:CI->O           1   0.051   0.000  DD3/Madd_draw_add0000_cy<6> (DD3/Madd_draw_add0000_cy<6>)
     MUXCY:CI->O           1   0.051   0.000  DD3/Madd_draw_add0000_cy<7> (DD3/Madd_draw_add0000_cy<7>)
     MUXCY:CI->O           1   0.051   0.000  DD3/Madd_draw_add0000_cy<8> (DD3/Madd_draw_add0000_cy<8>)
     XORCY:CI->O           1   0.699   0.426  DD3/Madd_draw_add0000_xor<9> (DD3/draw_add0000<9>)
     LUT2:I1->O            1   0.612   0.000  DD3/Mcompar_draw_cmp_ge0001_lut<9> (DD3/Mcompar_draw_cmp_ge0001_lut<9>)
     MUXCY:S->O            1   0.404   0.000  DD3/Mcompar_draw_cmp_ge0001_cy<9> (DD3/Mcompar_draw_cmp_ge0001_cy<9>)
     MUXCY:CI->O           1   0.052   0.000  DD3/Mcompar_draw_cmp_ge0001_cy<10> (DD3/Mcompar_draw_cmp_ge0001_cy<10>)
     MUXCY:CI->O           2   0.399   0.449  DD3/Mcompar_draw_cmp_ge0001_cy<11> (DD3/draw_cmp_ge0001)
     LUT2:I1->O           11   0.612   0.793  DD3/address_and00001 (DD3/address_and0000)
     FDRE:CE                   0.483          DD3/address_0
    ----------------------------------------
    Total                     16.866ns (11.237ns logic, 5.629ns route)
                                       (66.6% logic, 33.4% route)

=========================================================================
Timing constraint: Default OFFSET IN BEFORE for Clock 'clk50mhz'
  Total number of paths / destination ports: 59 / 51
-------------------------------------------------------------------------
Offset:              4.848ns (Levels of Logic = 2)
  Source:            reset (PAD)
  Destination:       contador_0 (FF)
  Destination Clock: clk50mhz rising 0.5X

  Data Path: reset to contador_0
                                Gate     Net
    Cell:in->out      fanout   Delay   Delay  Logical Name (Net Name)
    ----------------------------------------  ------------
     IBUF:I->O           176   1.106   1.264  reset_IBUF (reset_IBUF)
     LUT2:I0->O           25   0.612   1.071  contador_or00001 (contador_or0000)
     FDR:R                     0.795          contador_0
    ----------------------------------------
    Total                      4.848ns (2.513ns logic, 2.335ns route)
                                       (51.8% logic, 48.2% route)

=========================================================================
Timing constraint: Default OFFSET IN BEFORE for Clock 'logicClk1'
  Total number of paths / destination ports: 605 / 539
-------------------------------------------------------------------------
Offset:              7.790ns (Levels of Logic = 5)
  Source:            fire (PAD)
  Destination:       SB/Y_Positions_1_9 (FF)
  Destination Clock: logicClk1 rising

  Data Path: fire to SB/Y_Positions_1_9
                                Gate     Net
    Cell:in->out      fanout   Delay   Delay  Logical Name (Net Name)
    ----------------------------------------  ------------
     IBUF:I->O             8   1.106   0.795  fire_IBUF (fire_IBUF)
     LUT4:I0->O            7   0.612   0.754  fire_up1 (fire_up)
     LUT2:I0->O            5   0.612   0.607  SB/Y_Positions_0_not000121 (SB/instantiate_and0000)
     LUT4:I1->O           12   0.612   0.847  SB/X_Positions_1_and00001 (SB/X_Positions_1_and0000)
     LUT3:I2->O           10   0.612   0.750  SB/Y_Positions_1_not00011 (SB/Y_Positions_1_not0001)
     FDE:CE                    0.483          SB/Y_Positions_1_0
    ----------------------------------------
    Total                      7.790ns (4.037ns logic, 3.753ns route)
                                       (51.8% logic, 48.2% route)

=========================================================================
Timing constraint: Default OFFSET OUT AFTER for Clock 'clk50mhz'
  Total number of paths / destination ports: 21 / 17
-------------------------------------------------------------------------
Offset:              6.364ns (Levels of Logic = 3)
  Source:            segs_3 (FF)
  Destination:       shouldFinish (PAD)
  Source Clock:      clk50mhz rising 0.5X

  Data Path: segs_3 to shouldFinish
                                Gate     Net
    Cell:in->out      fanout   Delay   Delay  Logical Name (Net Name)
    ----------------------------------------  ------------
     FDRE:C->Q             2   0.514   0.532  segs_3 (segs_3)
     LUT3:I0->O            4   0.612   0.568  Result<4>211 (Result<4>2_bdd0)
     LUT3:I1->O            1   0.612   0.357  shouldFinish1 (shouldFinish_OBUF)
     OBUF:I->O                 3.169          shouldFinish_OBUF (shouldFinish)
    ----------------------------------------
    Total                      6.364ns (4.907ns logic, 1.457ns route)
                                       (77.1% logic, 22.9% route)

=========================================================================


Total REAL time to Xst completion: 22.00 secs
Total CPU time to Xst completion: 21.60 secs
 
--> 

Total memory usage is 249536 kilobytes

Number of errors   :    0 (   0 filtered)
Number of warnings :   34 (   0 filtered)
Number of infos    :    6 (   0 filtered)

