MO Control_Drawer NULL Control_Drawer.v vlg11/_control___drawer.bin 1474770486
MO Ducks_Drawer NULL Ducks_Drawer.v vlg76/_ducks___drawer.bin 1474770486
MO Bullet_Drawer NULL Bullet_Drawer.v vlg58/_bullet___drawer.bin 1474770486
MO VGA_LOGIC NULL VGA_LOGIC.v vlg43/_v_g_a___l_o_g_i_c.bin 1474770486
MO Shot_Drawer NULL Shot_Drawer.v vlg5A/_shot___drawer.bin 1474462314
MO Shot_Builder NULL Shot_Builder.v vlg10/_shot___builder.bin 1474770486
MO Ducks_Rom NULL Ducks_Rom.v vlg37/_ducks___rom.bin 1474770486
MO Main NULL Main.v vlg0D/_main.bin 1474770486
MO Gun NULL Gun.v vlg26/_gun.bin 1474770486
