MO Control_Drawer NULL Control_Drawer.v vlg11/_control___drawer.bin 1474456661
MO Ducks_Drawer NULL Ducks_Drawer.v vlg76/_ducks___drawer.bin 1474456661
MO VGA_LOGIC NULL VGA_LOGIC.v vlg43/_v_g_a___l_o_g_i_c.bin 1474456661
MO Shot_Drawer NULL Shot_Drawer.v vlg5A/_shot___drawer.bin 1474456661
MO Ducks_Rom NULL Ducks_Rom.v vlg37/_ducks___rom.bin 1474456661
MO Main NULL Main.v vlg0D/_main.bin 1474456661
MO Gun NULL Gun.v vlg26/_gun.bin 1474456661
